// Jest Snapshot v1, https://goo.gl/fbAQLP

exports[`components/Icon/X render should render without error: X 1`] = `
<svg
  className="x-icon"
  height="24"
  viewBox="0 0 24 24"
  width="24"
>
  <g
    fill="none"
    fillRule="evenodd"
    stroke="#F35454"
    transform="translate(1 1)"
  >
    <circle
      cx="11"
      cy="11"
      r="11"
    />
    <path
      d="M5.5 5.5l11 11M5.5 16.5l11-11"
      strokeLinecap="round"
    />
  </g>
</svg>
`;
